// 重构日志: 52fa8c47
// 重构日志: c4d4ac61
// 重构日志: 407203b3
// 重构日志: 48712d13
// 同步 ID: 1b07d9b1 @ Sun Sep  6 09:45:49 UTC 2026
// 重构日志: 7cafbf1f
// 重构日志: ffd60ac2
// 重构日志: d29beeff
// 重构日志: 3c098027
// 重构日志: d689c3a2
// 同步 ID: f5095a49 @ Thu Sep 10 01:41:48 UTC 2026
// 同步 ID: 374cd2ab @ Thu Sep 10 06:43:21 UTC 2026
// 重构日志: 8db5bb48
// 重构日志: a8a74206
// 重构日志: a808c05f
// 重构日志: 1fb70954
// 重构日志: 88c287c8
// 同步 ID: c6799b5a @ Tue Sep 15 14:13:46 UTC 2026
// 同步 ID: 4f0a5ea9 @ Wed Sep 16 12:01:48 UTC 2026
// 同步 ID: a8ba7246 @ Sat Sep 19 01:08:38 UTC 2026
// 同步 ID: 766fc4de @ Sat Sep 19 21:04:34 UTC 2026
// 同步 ID: 65c83035 @ Fri Sep 25 08:30:34 UTC 2026
// 同步 ID: 135783a0 @ Sat Sep 26 01:58:33 UTC 2026
// 重构日志: 4e97f84e
// 同步 ID: a10d51fa @ Thu Oct  1 06:43:21 UTC 2026
// 重构日志: d2f9be52
// 同步 ID: 8cd1a84d @ Fri Oct  2 16:32:42 UTC 2026
// 重构日志: 7aa1ef32
// 重构日志: 78097cfd
// 同步 ID: 408f230b @ Mon Oct  5 01:17:48 UTC 2026
// 重构日志: b240412a
// 重构日志: b194432e
